[19:23:15] [main/INFO] (FabricLoader/GameProvider) Loading Minecraft 1.21 with Fabric Loader 0.19.5
[19:23:16] [main/INFO] (FabricLoader) Loading 55 mods:
	- chronod 1.0-SNAPSHOT
	- fabric-api 0.102.0+1.21
	- fabric-api-base 0.4.42+6573ed8cd1
	- fabric-api-lookup-api-v1 1.6.68+b5597344d1
	- fabric-biome-api-v1 13.0.29+5bd9f1bcd1
	- fabric-block-api-v1 1.0.22+0af3f5a7d1
	- fabric-block-view-api-v2 1.0.10+6573ed8cd1
	- fabric-blockrenderlayer-v1 1.1.52+0af3f5a7d1
	- fabric-client-tags-api-v1 1.1.15+6573ed8cd1
	- fabric-command-api-v1 1.2.49+f71b366fd1
	- fabric-command-api-v2 2.2.28+6ced4dd9d1
	- fabric-commands-v0 0.2.66+df3654b3d1
	- fabric-content-registries-v0 8.0.16+b5597344d1
	- fabric-convention-tags-v1 2.0.19+7f945d5bd1
	- fabric-convention-tags-v2 2.5.0+c5e2b5c6d1
	- fabric-crash-report-info-v1 0.2.29+0af3f5a7d1
	- fabric-data-attachment-api-v1 1.1.27+6a6dfa19d1
	- fabric-data-generation-api-v1 20.2.16+16c4ae25d1
	- fabric-dimensions-v1 4.0.0+6fc22b99d1
	- fabric-entity-events-v1 1.6.12+6fc22b99d1
	- fabric-events-interaction-v0 0.7.12+ba9dae06d1
	- fabric-game-rule-api-v1 1.0.53+6ced4dd9d1
	- fabric-gametest-api-v1 2.0.4+6fc22b99d1
	- fabric-item-api-v1 11.0.0+afdfc921d1
	- fabric-item-group-api-v1 4.1.4+78017270d1
	- fabric-key-binding-api-v1 1.0.47+0af3f5a7d1
	- fabric-keybindings-v0 0.2.45+df3654b3d1
	- fabric-lifecycle-events-v1 2.3.12+6c1df360d1
	- fabric-loot-api-v2 3.0.14+3f89f5a5d1
	- fabric-loot-api-v3 1.0.2+3f89f5a5d1
	- fabric-message-api-v1 6.0.13+6573ed8cd1
	- fabric-model-loading-api-v1 2.0.0+fe474d6bd1
	- fabric-networking-api-v1 4.2.2+60c3209bd1
	- fabric-object-builder-api-v1 15.2.0+a551f7a4d1
	- fabric-particles-v1 4.0.2+6573ed8cd1
	- fabric-recipe-api-v1 5.0.12+65089712d1
	- fabric-registry-sync-v0 5.1.2+60c3209bd1
	- fabric-renderer-api-v1 3.4.0+c705a49cd1
	- fabric-renderer-indigo 1.7.0+c705a49cd1
	- fabric-renderer-registries-v1 3.2.68+df3654b3d1
	- fabric-rendering-data-attachment-v1 0.3.48+73761d2ed1
	- fabric-rendering-fluids-v1 3.1.6+b5597344d1
	- fabric-rendering-v0 1.1.71+df3654b3d1
	- fabric-rendering-v1 5.0.5+df16efd0d1
	- fabric-resource-conditions-api-v1 4.3.0+8dc279b1d1
	- fabric-resource-loader-v0 1.3.0+56599129d1
	- fabric-screen-api-v1 2.0.24+b5597344d1
	- fabric-screen-handler-api-v1 1.3.86+b5597344d1
	- fabric-sound-api-v1 1.0.23+6573ed8cd1
	- fabric-transfer-api-v1 5.1.16+3dccd343d1
	- fabric-transitive-access-wideners-v1 6.1.0+176f9036d1
	- fabricloader 0.19.5
	- java 21
	- minecraft 1.21
	- mixinextras 0.5.5
[19:23:16] [main/INFO] (FabricLoader/Mixin) SpongePowered MIXIN Subsystem Version=0.8.7 Source=file:/C:/Users/admin/.gradle/caches/modules-2/files-2.1/net.fabricmc/sponge-mixin/0.17.4+mixin.0.8.7/5f66cc9f59b8efaa942155a3d5a30599bf6640dd/sponge-mixin-0.17.4+mixin.0.8.7.jar Service=Knot/Fabric Env=CLIENT
[19:23:16] [main/INFO] (FabricLoader/Mixin) Loaded Fabric development mappings for mixin remapper!
[19:23:17] [main/INFO] (FabricLoader/MixinExtras|Service) Initializing MixinExtras via com.llamalad7.mixinextras.service.MixinExtrasServiceImpl(version=0.5.5).
[19:23:18] [Datafixer Bootstrap/INFO] (Minecraft) 226 Datafixer optimizations took 238 milliseconds
[19:23:18] [main/WARN] (PerfmonDisabled) Invalid registry value type detected for PerfOS counters. Should be REG_DWORD. Ignoring: HKEY_LOCAL_MACHINE\SYSTEM\CurrentControlSet\Services\PerfOS\Performance\Disable Performance Counters.
[19:23:22] [Render thread/INFO] (Minecraft) Environment: Environment[sessionHost=https://sessionserver.mojang.com, servicesHost=https://api.minecraftservices.com, name=PROD]
[19:23:22] [Render thread/INFO] (Minecraft) Setting user: Player846
[19:23:23] [Render thread/INFO] (Indigo) [Indigo] Registering Indigo renderer!
[19:23:23] [Render thread/INFO] (Minecraft) Backend library: LWJGL version 3.3.3-snapshot
[19:23:24] [Render thread/INFO] (Minecraft) Reloading ResourceManager: vanilla, fabric, chronod, fabric-api, fabric-api-base, fabric-api-lookup-api-v1, fabric-biome-api-v1, fabric-block-api-v1, fabric-block-view-api-v2, fabric-blockrenderlayer-v1, fabric-client-tags-api-v1, fabric-command-api-v1, fabric-command-api-v2, fabric-commands-v0, fabric-content-registries-v0, fabric-convention-tags-v1, fabric-convention-tags-v2, fabric-crash-report-info-v1, fabric-data-attachment-api-v1, fabric-data-generation-api-v1, fabric-dimensions-v1, fabric-entity-events-v1, fabric-events-interaction-v0, fabric-game-rule-api-v1, fabric-gametest-api-v1, fabric-item-api-v1, fabric-item-group-api-v1, fabric-key-binding-api-v1, fabric-keybindings-v0, fabric-lifecycle-events-v1, fabric-loot-api-v2, fabric-loot-api-v3, fabric-message-api-v1, fabric-model-loading-api-v1, fabric-networking-api-v1, fabric-object-builder-api-v1, fabric-particles-v1, fabric-recipe-api-v1, fabric-registry-sync-v0, fabric-renderer-api-v1, fabric-renderer-indigo, fabric-renderer-registries-v1, fabric-rendering-data-attachment-v1, fabric-rendering-fluids-v1, fabric-rendering-v0, fabric-rendering-v1, fabric-resource-conditions-api-v1, fabric-resource-loader-v0, fabric-screen-api-v1, fabric-screen-handler-api-v1, fabric-sound-api-v1, fabric-transfer-api-v1, fabric-transitive-access-wideners-v1, fabricloader
[19:23:24] [Worker-Main-13/INFO] (Minecraft) Found unifont_all_no_pua-15.1.05.hex, loading
[19:23:24] [Worker-Main-2/INFO] (Minecraft) Found unifont_jp_patch-15.1.05.hex, loading
[19:23:26] [Render thread/WARN] (Minecraft) Missing sound for event: minecraft:item.goat_horn.play
[19:23:26] [Render thread/WARN] (Minecraft) Missing sound for event: minecraft:entity.goat.screaming.horn_break
[19:23:26] [Render thread/INFO] (Minecraft) OpenAL initialized on device OpenAL Soft on Наушники гарнитуры (G435 Wireless Gaming Headset)
[19:23:26] [Render thread/INFO] (Minecraft) Sound engine started
[19:23:26] [Render thread/INFO] (Minecraft) Created: 1024x512x4 minecraft:textures/atlas/blocks.png-atlas
[19:23:26] [Render thread/INFO] (Minecraft) Created: 256x256x4 minecraft:textures/atlas/signs.png-atlas
[19:23:26] [Render thread/INFO] (Minecraft) Created: 512x512x4 minecraft:textures/atlas/shield_patterns.png-atlas
[19:23:26] [Render thread/INFO] (Minecraft) Created: 512x512x4 minecraft:textures/atlas/banner_patterns.png-atlas
[19:23:26] [Render thread/INFO] (Minecraft) Created: 1024x1024x4 minecraft:textures/atlas/armor_trims.png-atlas
[19:23:26] [Render thread/INFO] (Minecraft) Created: 128x64x4 minecraft:textures/atlas/decorated_pot.png-atlas
[19:23:26] [Render thread/INFO] (Minecraft) Created: 256x256x4 minecraft:textures/atlas/chest.png-atlas
[19:23:26] [Render thread/INFO] (Minecraft) Created: 512x256x4 minecraft:textures/atlas/shulker_boxes.png-atlas
[19:23:26] [Render thread/INFO] (Minecraft) Created: 512x256x4 minecraft:textures/atlas/beds.png-atlas
[19:23:26] [Render thread/INFO] (Minecraft) Created: 512x256x0 minecraft:textures/atlas/particles.png-atlas
[19:23:26] [Render thread/INFO] (Minecraft) Created: 512x256x0 minecraft:textures/atlas/paintings.png-atlas
[19:23:26] [Render thread/INFO] (Minecraft) Created: 256x128x0 minecraft:textures/atlas/mob_effects.png-atlas
[19:23:26] [Render thread/INFO] (Minecraft) Created: 64x64x0 minecraft:textures/atlas/map_decorations.png-atlas
[19:23:26] [Render thread/INFO] (Minecraft) Created: 1024x512x0 minecraft:textures/atlas/gui.png-atlas
[19:23:26] [Render thread/WARN] (Minecraft) Shader rendertype_entity_translucent_emissive could not find sampler named Sampler2 in the specified shader program.
[19:28:38] [Render thread/ERROR] (Minecraft) Registry loading errors:
> Errors in registry minecraft:root:
>> Errors in element minecraft:worldgen/configured_feature:
java.lang.IllegalStateException: Unbound values in registry ResourceKey[minecraft:root / minecraft:worldgen/configured_feature]: [chronod:chrono_sand_heap]
	at knot//net.minecraft.registry.SimpleRegistry.freeze(SimpleRegistry.java:355)
	at knot//net.minecraft.registry.RegistryLoader.method_45128(RegistryLoader.java:169)
	at java.base/java.lang.Iterable.forEach(Iterable.java:75)
	at knot//net.minecraft.registry.RegistryLoader.load(RegistryLoader.java:166)
	at knot//net.minecraft.registry.RegistryLoader.mixinextras$bridge$load$31(RegistryLoader.java)
	at knot//net.minecraft.registry.RegistryLoader.wrapOperation$zla000$fabric-registry-sync-v0$wrapIsServerCall(RegistryLoader.java:556)
	at knot//net.minecraft.registry.RegistryLoader.mixinextras$bridge$wrapOperation$zla000$fabric-registry-sync-v0$wrapIsServerCall$34(RegistryLoader.java)
	at knot//net.minecraft.registry.RegistryLoader.wrapOperation$zlm000$fabric-resource-conditions-api-v1$captureRegistries(RegistryLoader.java:1057)
	at knot//net.minecraft.registry.RegistryLoader.loadFromResource(RegistryLoader.java:151)
	at knot//net.minecraft.server.SaveLoading.loadDynamicRegistryManager(SaveLoading.java:62)
	at knot//net.minecraft.server.SaveLoading.withRegistriesLoaded(SaveLoading.java:66)
	at knot//net.minecraft.server.SaveLoading.load(SaveLoading.java:32)
	at knot//net.minecraft.client.gui.screen.world.CreateWorldScreen.create(CreateWorldScreen.java:310)
	at knot//net.minecraft.client.gui.screen.world.SelectWorldScreen.method_19944(SelectWorldScreen.java:54)
	at knot//net.minecraft.client.gui.widget.ButtonWidget.onPress(ButtonWidget.java:96)
	at knot//net.minecraft.client.gui.widget.PressableWidget.onClick(PressableWidget.java:48)
	at knot//net.minecraft.client.gui.widget.ClickableWidget.mouseClicked(ClickableWidget.java:141)
	at knot//net.minecraft.client.gui.ParentElement.mouseClicked(ParentElement.java:38)
	at knot//net.minecraft.client.Mouse.method_1611(Mouse.java:107)
	at knot//net.minecraft.client.gui.screen.Screen.wrapScreenError(Screen.java:431)
	at knot//net.minecraft.client.Mouse.onMouseButton(Mouse.java:107)
	at knot//net.minecraft.client.Mouse.method_22686(Mouse.java:196)
	at knot//net.minecraft.util.thread.ThreadExecutor.execute(ThreadExecutor.java:108)
	at knot//net.minecraft.client.Mouse.method_22684(Mouse.java:196)
	at knot//org.lwjgl.glfw.GLFWMouseButtonCallbackI.callback(GLFWMouseButtonCallbackI.java:43)
	at knot//org.lwjgl.system.JNI.invokeV(Native Method)
	at knot//org.lwjgl.glfw.GLFW.glfwWaitEventsTimeout(GLFW.java:3509)
	at knot//com.mojang.blaze3d.systems.RenderSystem.limitDisplayFPS(RenderSystem.java:184)
	at knot//net.minecraft.client.MinecraftClient.render(MinecraftClient.java:1310)
	at knot//net.minecraft.client.MinecraftClient.run(MinecraftClient.java:882)
	at knot//net.minecraft.client.main.Main.main(Main.java:256)
	at net.fabricmc.loader.impl.game.minecraft.MinecraftGameProvider.launch(MinecraftGameProvider.java:517)
	at net.fabricmc.loader.impl.launch.knot.Knot.launch(Knot.java:72)
	at net.fabricmc.loader.impl.launch.knot.KnotClient.main(KnotClient.java:23)
	at net.fabricmc.devlaunchinjector.Main.main(Main.java:86)
> Errors in registry minecraft:worldgen/configured_feature:
>> Errors in element chronod:chronod_sand_heap:
java.lang.IllegalStateException: Failed to parse chronod:worldgen/configured_feature/chronod_sand_heap.json from pack chronod
	at knot//net.minecraft.registry.RegistryLoader.loadFromResource(RegistryLoader.java:251)
	at knot//net.minecraft.registry.RegistryLoader$Loader.loadFromResource(RegistryLoader.java:96)
	at knot//net.minecraft.registry.RegistryLoader.method_56514(RegistryLoader.java:151)
	at knot//net.minecraft.registry.RegistryLoader.method_45120(RegistryLoader.java:164)
	at java.base/java.lang.Iterable.forEach(Iterable.java:75)
	at knot//net.minecraft.registry.RegistryLoader.load(RegistryLoader.java:164)
	at knot//net.minecraft.registry.RegistryLoader.mixinextras$bridge$load$31(RegistryLoader.java)
	at knot//net.minecraft.registry.RegistryLoader.wrapOperation$zla000$fabric-registry-sync-v0$wrapIsServerCall(RegistryLoader.java:556)
	at knot//net.minecraft.registry.RegistryLoader.mixinextras$bridge$wrapOperation$zla000$fabric-registry-sync-v0$wrapIsServerCall$34(RegistryLoader.java)
	at knot//net.minecraft.registry.RegistryLoader.wrapOperation$zlm000$fabric-resource-conditions-api-v1$captureRegistries(RegistryLoader.java:1057)
	at knot//net.minecraft.registry.RegistryLoader.loadFromResource(RegistryLoader.java:151)
	at knot//net.minecraft.server.SaveLoading.loadDynamicRegistryManager(SaveLoading.java:62)
	at knot//net.minecraft.server.SaveLoading.withRegistriesLoaded(SaveLoading.java:66)
	at knot//net.minecraft.server.SaveLoading.load(SaveLoading.java:32)
	at knot//net.minecraft.client.gui.screen.world.CreateWorldScreen.create(CreateWorldScreen.java:310)
	at knot//net.minecraft.client.gui.screen.world.SelectWorldScreen.method_19944(SelectWorldScreen.java:54)
	at knot//net.minecraft.client.gui.widget.ButtonWidget.onPress(ButtonWidget.java:96)
	at knot//net.minecraft.client.gui.widget.PressableWidget.onClick(PressableWidget.java:48)
	at knot//net.minecraft.client.gui.widget.ClickableWidget.mouseClicked(ClickableWidget.java:141)
	at knot//net.minecraft.client.gui.ParentElement.mouseClicked(ParentElement.java:38)
	at knot//net.minecraft.client.Mouse.method_1611(Mouse.java:107)
	at knot//net.minecraft.client.gui.screen.Screen.wrapScreenError(Screen.java:431)
	at knot//net.minecraft.client.Mouse.onMouseButton(Mouse.java:107)
	at knot//net.minecraft.client.Mouse.method_22686(Mouse.java:196)
	at knot//net.minecraft.util.thread.ThreadExecutor.execute(ThreadExecutor.java:108)
	at knot//net.minecraft.client.Mouse.method_22684(Mouse.java:196)
	at knot//org.lwjgl.glfw.GLFWMouseButtonCallbackI.callback(GLFWMouseButtonCallbackI.java:43)
	at knot//org.lwjgl.system.JNI.invokeV(Native Method)
	at knot//org.lwjgl.glfw.GLFW.glfwWaitEventsTimeout(GLFW.java:3509)
	at knot//com.mojang.blaze3d.systems.RenderSystem.limitDisplayFPS(RenderSystem.java:184)
	at knot//net.minecraft.client.MinecraftClient.render(MinecraftClient.java:1310)
	at knot//net.minecraft.client.MinecraftClient.run(MinecraftClient.java:882)
	at knot//net.minecraft.client.main.Main.main(Main.java:256)
	at net.fabricmc.loader.impl.game.minecraft.MinecraftGameProvider.launch(MinecraftGameProvider.java:517)
	at net.fabricmc.loader.impl.launch.knot.Knot.launch(Knot.java:72)
	at net.fabricmc.loader.impl.launch.knot.KnotClient.main(KnotClient.java:23)
	at net.fabricmc.devlaunchinjector.Main.main(Main.java:86)
Caused by: java.lang.IllegalStateException: Unknown registry key in ResourceKey[minecraft:root / minecraft:worldgen/feature]: minecraft:structure_template
	at knot//com.mojang.serialization.DataResult$Error.getOrThrow(DataResult.java:287)
	at knot//com.mojang.serialization.DataResult.getOrThrow(DataResult.java:81)
	at knot//net.minecraft.registry.RegistryLoader.parseAndAdd(RegistryLoader.java:231)
	at knot//net.minecraft.registry.RegistryLoader.loadFromResource(RegistryLoader.java:249)
	... 36 more

[19:28:38] [Render thread/ERROR] (Minecraft) Reported exception thrown!
net.minecraft.util.crash.CrashException: mouseClicked event handler
	at knot/net.minecraft.client.gui.screen.Screen.wrapScreenError(Screen.java:436) ~[minecraft-clientOnly-c453a9ae23-1.21-net.fabricmc.yarn.1_21.1.21+build.9-v2.jar:?]
	at knot/net.minecraft.client.Mouse.onMouseButton(Mouse.java:107) ~[minecraft-clientOnly-c453a9ae23-1.21-net.fabricmc.yarn.1_21.1.21+build.9-v2.jar:?]
	at knot/net.minecraft.client.Mouse.method_22686(Mouse.java:196) ~[minecraft-clientOnly-c453a9ae23-1.21-net.fabricmc.yarn.1_21.1.21+build.9-v2.jar:?]
	at knot/net.minecraft.util.thread.ThreadExecutor.execute(ThreadExecutor.java:108) ~[minecraft-common-c453a9ae23-1.21-net.fabricmc.yarn.1_21.1.21+build.9-v2.jar:?]
	at knot/net.minecraft.client.Mouse.method_22684(Mouse.java:196) ~[minecraft-clientOnly-c453a9ae23-1.21-net.fabricmc.yarn.1_21.1.21+build.9-v2.jar:?]
	at knot/org.lwjgl.glfw.GLFWMouseButtonCallbackI.callback(GLFWMouseButtonCallbackI.java:43) ~[lwjgl-glfw-3.3.3.jar:?]
	at knot/org.lwjgl.system.JNI.invokeV(Native Method) ~[lwjgl-3.3.3.jar:?]
	at knot/org.lwjgl.glfw.GLFW.glfwWaitEventsTimeout(GLFW.java:3509) ~[lwjgl-glfw-3.3.3.jar:?]
	at knot/com.mojang.blaze3d.systems.RenderSystem.limitDisplayFPS(RenderSystem.java:184) ~[minecraft-clientOnly-c453a9ae23-1.21-net.fabricmc.yarn.1_21.1.21+build.9-v2.jar:?]
	at knot/net.minecraft.client.MinecraftClient.render(MinecraftClient.java:1310) ~[minecraft-clientOnly-c453a9ae23-1.21-net.fabricmc.yarn.1_21.1.21+build.9-v2.jar:?]
	at knot/net.minecraft.client.MinecraftClient.run(MinecraftClient.java:882) [minecraft-clientOnly-c453a9ae23-1.21-net.fabricmc.yarn.1_21.1.21+build.9-v2.jar:?]
	at knot/net.minecraft.client.main.Main.main(Main.java:256) [minecraft-clientOnly-c453a9ae23-1.21-net.fabricmc.yarn.1_21.1.21+build.9-v2.jar:?]
	at net.fabricmc.loader.impl.game.minecraft.MinecraftGameProvider.launch(MinecraftGameProvider.java:517) [fabric-loader-0.19.5.jar:?]
	at net.fabricmc.loader.impl.launch.knot.Knot.launch(Knot.java:72) [fabric-loader-0.19.5.jar:?]
	at net.fabricmc.loader.impl.launch.knot.KnotClient.main(KnotClient.java:23) [fabric-loader-0.19.5.jar:?]
	at net.fabricmc.devlaunchinjector.Main.main(Main.java:86) [dev-launch-injector-0.2.1+build.8.jar:?]
Caused by: java.lang.IllegalStateException: Failed to load registries due to above errors
	at knot/net.minecraft.registry.RegistryLoader.load(RegistryLoader.java:181) ~[minecraft-common-c453a9ae23-1.21-net.fabricmc.yarn.1_21.1.21+build.9-v2.jar:?]
	at knot/net.minecraft.registry.RegistryLoader.mixinextras$bridge$load$31(RegistryLoader.java) ~[minecraft-common-c453a9ae23-1.21-net.fabricmc.yarn.1_21.1.21+build.9-v2.jar:?]
	at knot/net.minecraft.registry.RegistryLoader.wrapOperation$zla000$fabric-registry-sync-v0$wrapIsServerCall(RegistryLoader.java:556) ~[minecraft-common-c453a9ae23-1.21-net.fabricmc.yarn.1_21.1.21+build.9-v2.jar:?]
	at knot/net.minecraft.registry.RegistryLoader.mixinextras$bridge$wrapOperation$zla000$fabric-registry-sync-v0$wrapIsServerCall$34(RegistryLoader.java) ~[minecraft-common-c453a9ae23-1.21-net.fabricmc.yarn.1_21.1.21+build.9-v2.jar:?]
	at knot/net.minecraft.registry.RegistryLoader.wrapOperation$zlm000$fabric-resource-conditions-api-v1$captureRegistries(RegistryLoader.java:1057) ~[minecraft-common-c453a9ae23-1.21-net.fabricmc.yarn.1_21.1.21+build.9-v2.jar:?]
	at knot/net.minecraft.registry.RegistryLoader.loadFromResource(RegistryLoader.java:151) ~[minecraft-common-c453a9ae23-1.21-net.fabricmc.yarn.1_21.1.21+build.9-v2.jar:?]
	at knot/net.minecraft.server.SaveLoading.loadDynamicRegistryManager(SaveLoading.java:62) ~[minecraft-common-c453a9ae23-1.21-net.fabricmc.yarn.1_21.1.21+build.9-v2.jar:?]
	at knot/net.minecraft.server.SaveLoading.withRegistriesLoaded(SaveLoading.java:66) ~[minecraft-common-c453a9ae23-1.21-net.fabricmc.yarn.1_21.1.21+build.9-v2.jar:?]
	at knot/net.minecraft.server.SaveLoading.load(SaveLoading.java:32) ~[minecraft-common-c453a9ae23-1.21-net.fabricmc.yarn.1_21.1.21+build.9-v2.jar:?]
	at knot/net.minecraft.client.gui.screen.world.CreateWorldScreen.create(CreateWorldScreen.java:310) ~[minecraft-clientOnly-c453a9ae23-1.21-net.fabricmc.yarn.1_21.1.21+build.9-v2.jar:?]
	at knot/net.minecraft.client.gui.screen.world.SelectWorldScreen.method_19944(SelectWorldScreen.java:54) ~[minecraft-clientOnly-c453a9ae23-1.21-net.fabricmc.yarn.1_21.1.21+build.9-v2.jar:?]
	at knot/net.minecraft.client.gui.widget.ButtonWidget.onPress(ButtonWidget.java:96) ~[minecraft-clientOnly-c453a9ae23-1.21-net.fabricmc.yarn.1_21.1.21+build.9-v2.jar:?]
	at knot/net.minecraft.client.gui.widget.PressableWidget.onClick(PressableWidget.java:48) ~[minecraft-clientOnly-c453a9ae23-1.21-net.fabricmc.yarn.1_21.1.21+build.9-v2.jar:?]
	at knot/net.minecraft.client.gui.widget.ClickableWidget.mouseClicked(ClickableWidget.java:141) ~[minecraft-clientOnly-c453a9ae23-1.21-net.fabricmc.yarn.1_21.1.21+build.9-v2.jar:?]
	at knot/net.minecraft.client.gui.ParentElement.mouseClicked(ParentElement.java:38) ~[minecraft-clientOnly-c453a9ae23-1.21-net.fabricmc.yarn.1_21.1.21+build.9-v2.jar:?]
	at knot/net.minecraft.client.Mouse.method_1611(Mouse.java:107) ~[minecraft-clientOnly-c453a9ae23-1.21-net.fabricmc.yarn.1_21.1.21+build.9-v2.jar:?]
	at knot/net.minecraft.client.gui.screen.Screen.wrapScreenError(Screen.java:431) ~[minecraft-clientOnly-c453a9ae23-1.21-net.fabricmc.yarn.1_21.1.21+build.9-v2.jar:?]
	... 15 more
